109-0434 3C279        band6          AX  GL  KT  LM  MG  
109-0444 J1504+1029   band6          AX  GL  KT  LM  MG  NN  
109-0452 J1504+1029   band6          AX  GL  KT  LM  MG  NN  
109-0502 3C279        band6          AX  GL  KT  LM  MG  --  AA  MM  SW  
109-0509 J1357+1919   band6          AX  GL  KT  LM  MG  NN  AA  --  --  
109-0516 J1550+0527   band6          AX  GL  KT  LM  --  NN  AA  --  --  
109-0529 3C273        band6          AX  GL  KT  LM  MG  --  AA  MM  SW  
109-0535 3C279        band6          AX  GL  KT  LM  MG  --  AA  MM  SW  
109-0541 M87          band6          AX  GL  KT  LM  MG  --  AA  MM  SW  
109-0543 J1235+1233   band6          AX  GL  KT  LM  MG  --  AA  MM  SW  
109-0547 M87          band6          AX  GL  KT  LM  MG  --  AA  MM  SW  
109-0549 J1235+1233   band6          AX  GL  KT  LM  MG  --  AA  MM  SW  
109-0553 M87          band6          AX  GL  KT  LM  MG  --  AA  MM  SW  
109-0603 3C279        band6          AX  GL  KT  LM  MG  --  AA  MM  SW  
109-0610 J1357+1919   band6          AX  GL  KT  LM  MG  NN  AA  MM  SW  
109-0617 J1550+0527   band6          AX  GL  KT  LM  MG  NN  AA  --  --  
109-0630 3C279        band6          AX  --  KT  LM  MG  --  AA  MM  SW  
109-0636 3C273        band6          AX  GL  KT  LM  MG  --  AA  MM  SW  
109-0642 M87          band6          AX  GL  KT  LM  MG  --  AA  MM  SW  
109-0644 J1235+1233   band6          AX  GL  KT  LM  MG  --  AA  MM  SW  
109-0648 M87          band6          AX  GL  KT  LM  MG  --  AA  MM  SW  
109-0650 J1235+1233   band6          AX  GL  KT  LM  MG  --  AA  MM  SW  
109-0654 M87          band6          AX  GL  KT  LM  MG  --  AA  MM  SW  
109-0704 3C279        band6          AX  --  KT  LM  MG  --  AA  MM  SW  
109-0711 J1550+0527   band6          AX  GL  KT  LM  MG  NN  AA  MM  --  
109-0720 J1357+1919   band6          AX  GL  KT  LM  MG  --  AA  MM  SW  
109-0729 J1635+3808   band6          AX  GL  KT  LM  MG  NN  AA  MM  SW  
109-0742 3C279        band6          AX  --  KT  LM  MG  --  AA  MM  SW  
109-0748 J1357+1919   band6          AX  GL  KT  LM  MG  --  AA  MM  SW  
109-0756 J1550+0527   band6          AX  GL  KT  LM  MG  --  AA  MM  SW  
109-0805 J1635+3808   band6          AX  GL  KT  LM  MG  NN  AA  MM  SW  
109-0816 J1755+1820   band6          AX  GL  KT  LM  MG  NN  --  --  --  
109-0846 J2015+3710   band6          AX  GL  KT  LM  MG  NN  AA  --  --  
109-0852 CYGNUS-A     band6          AX  GL  KT  LM  MG  NN  AA  --  --  
109-0900 CYGNUS-A     band6          AX  GL  KT  LM  MG  NN  AA  --  --  
109-0910 J2015+3710   band6          AX  GL  KT  LM  MG  NN  AA  --  --  
109-0916 CYGNUS-A     band6          AX  GL  KT  LM  MG  NN  AA  --  --  
109-0924 CYGNUS-A     band6          AX  GL  KT  LM  MG  NN  AA  --  --  
109-0934 J1924-2914   band6          AX  --  KT  LM  --  --  AA  --  --  
109-0946 J2015+3710   band6          AX  GL  KT  LM  MG  NN  AA  --  --  
109-0952 CYGNUS-A     band6          AX  GL  KT  LM  MG  NN  AA  --  --  
109-1000 CYGNUS-A     band6          AX  GL  KT  LM  MG  NN  AA  --  --  
109-1010 J2015+3710   band6          AX  GL  KT  LM  MG  NN  AA  --  --  
109-1016 CYGNUS-A     band6          AX  GL  KT  LM  MG  NN  AA  --  --  
109-1026 J1924-2914   band6          AX  --  KT  LM  MG  --  AA  --  --  
109-1038 J2015+3710   band6          AX  GL  KT  LM  MG  NN  AA  --  --  
109-1044 CYGNUS-A     band6          AX  GL  KT  LM  MG  NN  AA  MM  --  
109-1052 CYGNUS-A     band6          AX  GL  KT  LM  MG  NN  AA  MM  SW  
109-1103 J1924-2914   band6          AX  --  KT  LM  MG  --  AA  --  --  
109-1112 J2015+3710   band6          AX  GL  KT  LM  MG  NN  AA  MM  SW  
109-1118 CYGNUS-A     band6          AX  GL  KT  LM  MG  NN  AA  MM  SW  
109-1129 J1924-2914   band6          AX  --  KT  LM  MG  --  AA  --  --  
109-1141 J2015+3710   band6          AX  GL  KT  LM  MG  NN  AA  MM  SW  
109-1147 CYGNUS-A     band6          AX  GL  KT  LM  MG  NN  AA  MM  SW  
109-1155 CYGNUS-A     band6          AX  GL  KT  LM  MG  NN  AA  MM  SW  
109-1206 J1924-2914   band6          AX  --  KT  LM  MG  --  AA  MM  SW  
109-1215 J2015+3710   band6          AX  GL  KT  LM  MG  NN  AA  MM  SW  
109-1221 CYGNUS-A     band6          AX  GL  KT  LM  MG  NN  AA  MM  SW  
109-1229 CYGNUS-A     band6          AX  GL  KT  LM  MG  NN  AA  MM  SW  
109-1241 J1924-2914   band6          AX  --  KT  LM  MG  --  AA  MM  SW  
109-1254 J2015+3710   band6          AX  GL  KT  LM  MG  NN  --  MM  SW  
109-1300 CYGNUS-A     band6          AX  GL  KT  LM  MG  NN  --  MM  SW  
109-1308 CYGNUS-A     band6          AX  GL  KT  LM  MG  NN  --  MM  SW  
109-1321 J2253+1608   band6          AX  GL  KT  LM  MG  NN  --  --  --  
109-1332 J2015+3710   band6          AX  GL  KT  LM  MG  NN  --  MM  SW  
109-1338 CYGNUS-A     band6          AX  GL  KT  LM  MG  NN  --  MM  SW  
109-1346 CYGNUS-A     band6          AX  GL  KT  LM  MG  NN  --  MM  SW  
109-1359 J2253+1608   band6          AX  GL  KT  LM  MG  NN  --  MM  --  
109-1412 J2015+3710   band6          AX  GL  KT  LM  MG  --  --  MM  SW  
109-1418 CYGNUS-A     band6          --  GL  KT  LM  MG  --  --  MM  SW  
109-1426 CYGNUS-A     band6          --  GL  KT  LM  MG  --  --  MM  SW  
109-1438 J2253+1608   band6          --  GL  KT  LM  MG  --  --  MM  SW  
109-1449 J2015+3710   band6          --  GL  KT  LM  MG  --  --  MM  SW  
109-1455 CYGNUS-A     band6          --  GL  KT  LM  MG  --  --  MM  SW  
109-1503 CYGNUS-A     band6          --  GL  KT  LM  MG  --  --  MM  SW  
109-1526 J2253+1608   band6          AX  GL  KT  --  MG  --  AA  MM  SW  
109-1534 J0112+3208   band6          --  GL  KT  --  --  --  AA  --  --  
109-1536 J0057+3021   band6          --  GL  KT  --  --  --  AA  MM  --  
109-1540 J0112+3208   band6          --  GL  KT  --  --  --  AA  MM  --  
109-1542 J0057+3021   band6          --  GL  KT  --  --  --  AA  MM  --  
109-1546 J0112+3208   band6          --  GL  KT  --  --  --  AA  MM  --  
109-1612 3C84         band6          AX  GL  KT  LM  --  NN  AA  --  --  
109-1620 3C84         band6          AX  GL  KT  LM  --  NN  AA  --  --  
109-1630 J0510+1800   band6          AX  GL  KT  LM  --  NN  AA  --  --  
109-1644 3C84         band6          AX  GL  KT  LM  --  NN  AA  --  --  
109-1652 3C84         band6          AX  GL  KT  LM  --  NN  AA  --  --  
109-1702 J0510+1800   band6          AX  GL  KT  LM  --  NN  AA  --  --  
109-1717 3C84         band6          AX  GL  KT  LM  --  NN  AA  --  --  
109-1725 3C84         band6          AX  GL  KT  LM  --  NN  AA  --  --  
109-1735 J0510+1800   band6          AX  GL  KT  LM  --  NN  AA  --  --  
109-1749 3C84         band6          AX  GL  KT  LM  --  NN  AA  MM  --  
109-1757 3C84         band6          AX  GL  KT  LM  --  NN  AA  MM  --  
109-1807 J0510+1800   band6          AX  GL  KT  LM  --  NN  AA  --  --  
109-1822 3C84         band6          AX  GL  KT  LM  --  NN  AA  MM  SW  
109-1830 3C84         band6          AX  GL  KT  LM  --  NN  AA  MM  SW  
109-1840 J0510+1800   band6          AX  GL  KT  LM  --  NN  AA  --  --  
109-1854 3C84         band6          AX  GL  KT  LM  --  NN  AA  MM  SW  
109-1902 3C84         band6          AX  GL  KT  LM  --  NN  AA  MM  SW  
109-1912 J0510+1800   band6          AX  GL  KT  LM  --  NN  AA  --  --  
109-1926 3C84         band6          AX  GL  KT  LM  --  NN  AA  MM  SW  
109-1936 J0510+1800   band6          AX  GL  KT  LM  --  NN  AA  --  --  
